info  Running SUSHI v3.20.1 (implements FHIR Shorthand specification v3.0.0)
info  Arguments:
info    /Users/thome/code/fhir-profiling/kerndatensatzmodul-intensivmedizin
info  No output path specified. Output to .
info  Using configuration file: /Users/thome/code/fhir-profiling/kerndatensatzmodul-intensivmedizin/sushi-config.yaml
info  Importing FSH text...
info  Preprocessed 156 documents with 62 aliases.
info  Imported 140 definitions and 12 instances.
info  Loaded virtual package sushi-r5forR4#1.0.0 with 7 resources
info  Resolved hl7.fhir.uv.tools.r4#latest to concrete version 1.1.2
info  Loaded hl7.fhir.uv.tools.r4#1.1.2 with 119 resources
info  Loaded hl7.terminology.r4#7.3.0 with 4176 resources
info  Loaded de.basisprofil.r4#1.5.4 with 168 resources
info  Loaded de.gematik.isik#5.1.0-snapshots with 239 resources
info  Loaded de.medizininformatikinitiative.kerndatensatz.base#2026.0.0 with 37 resources
info  Loaded de.medizininformatikinitiative.kerndatensatz.meta#2026.0.0 with 173 resources
info  Loaded hl7.fhir.uv.xver-r5.r4#0.1.0 with 4707 resources
info  Loaded hl7.fhir.uv.crmi#2.0.0 with 123 resources
info  Loaded hl7.fhir.r4.core#4.0.1 with 4581 resources
info  Loaded hl7.fhir.uv.extensions.r4#5.3.0 with 885 resources
info  Loaded virtual package sushi-local#LOCAL with 137 resources
info  Converting FSH to FHIR resources...
warn  At least one slice of Observation.code.coding has a max greater than the overall element max. The max of the following slice(s) has been reduced to match the max of Observation.code.coding: snomed
info  Converted 96 FHIR StructureDefinitions.
info  Converted 44 FHIR ValueSets.
info  Converted 12 FHIR instances.
info  Exporting FHIR resources as JSON...
info  Exported 152 FHIR resources as JSON.
info  Assembling Implementation Guide sources...
info  Generated ImplementationGuide-mii-ig-icu-de-v2026.json
info  Assembled Implementation Guide sources; ready for IG Publisher.

========================= SUSHI RESULTS ===========================
|  -------------------------------------------------------------  |
| |    Profiles   |  Extensions  |   Logicals   |   Resources   | |
| |-------------------------------------------------------------| |
| |      95       |      0       |      1       |       0       | |
|  -------------------------------------------------------------  |
|  -------------------------------------------------------------  |
| |      ValueSets     |    CodeSystems    |     Instances      | |
| |-------------------------------------------------------------| |
| |         44         |         0         |         12         | |
|  -------------------------------------------------------------  |
|                                                                 |
===================================================================
| Keep swimming, Dory.                   0 Errors       1 Warning |
===================================================================

